app/api/auth/signup/route.ts(71,12): error TS2790: The operand of a 'delete' operator must be optional.
app/leaderboard/page.tsx(14,18): error TS2305: Module '"@/components/ui/avatar"' has no exported member 'AvatarFallback'.
app/scan/page.tsx(166,53): error TS18046: 'achievement' is of type 'unknown'.
app/scan/page.tsx(167,27): error TS18046: 'achievement' is of type 'unknown'.
firebase-functions-sync-prisma/functions/scripts/backfillLeaderboard.ts(34,11): error TS2353: Object literal may only specify known properties, and 'score' does not exist in type '(Without<LeaderboardCreateInput, LeaderboardUncheckedCreateInput> & LeaderboardUncheckedCreateInput) | (Without<...> & LeaderboardCreateInput)'.
firebase-functions-sync-prisma/functions/src/firestoreSync.ts(14,9): error TS2353: Object literal may only specify known properties, and 'score' does not exist in type '(Without<LeaderboardCreateInput, LeaderboardUncheckedCreateInput> & LeaderboardUncheckedCreateInput) | (Without<...> & LeaderboardCreateInput)'.
firebase-functions-sync-prisma/functions/src/firestoreSync.ts(28,9): error TS2353: Object literal may only specify known properties, and 'score' does not exist in type '(Without<LeaderboardUpdateInput, LeaderboardUncheckedUpdateInput> & LeaderboardUncheckedUpdateInput) | (Without<...> & LeaderboardUpdateInput)'.
firebase-functions-sync-ts/functions/src/authSync.ts(1,46): error TS2307: Cannot find module 'firebase-functions/v2/auth' or its corresponding type declarations.
firebase-functions-sync-ts/functions/src/authSync.ts(5,54): error TS7006: Parameter 'event' implicitly has an 'any' type.
firebase-functions-sync-ts/functions/src/authSync.ts(22,56): error TS7006: Parameter 'event' implicitly has an 'any' type.
firebase-functions-sync-ts/functions/src/index.ts(1,46): error TS2307: Cannot find module 'firebase-functions/v2/auth' or its corresponding type declarations.
firebase-functions-sync-ts/functions/src/index.ts(12,54): error TS7006: Parameter 'event' implicitly has an 'any' type.
firebase-functions-sync-ts/functions/src/index.ts(29,56): error TS7006: Parameter 'event' implicitly has an 'any' type.
